2025-04-04 05:05:14.934080 - Received CBT.V508.FILE146.PDS from FILE146.XMI 
2025-04-04 05:05:14.935300 - Found $$$#DATE.txt (text/plain) in CBT.V508.FILE146.PDS, moved to PDS/$$$#DATE
2025-04-04 05:05:14.935453 - Found $$$DOC.txt (text/plain) in CBT.V508.FILE146.PDS, moved to PDS/$$$DOC
2025-04-04 05:05:14.935640 - Found $$FILE01.txt (text/plain) in CBT.V508.FILE146.PDS, moved to PDS/$$FILE01
2025-04-04 05:05:14.935779 - Found $$FILE02.txt (text/plain) in CBT.V508.FILE146.PDS, moved to PDS/$$FILE02
2025-04-04 05:05:14.936117 - Found $$FILE04.bin (application/octet-stream) in CBT.V508.FILE146.PDS, moved to PDS/$$FILE04
2025-04-04 05:05:14.936266 - Found $INDEX.txt (text/plain) in CBT.V508.FILE146.PDS, moved to PDS/$INDEX
2025-04-04 05:05:14.936391 - Found #DUMMY.txt (text/plain) in CBT.V508.FILE146.PDS, moved to PDS/#DUMMY
2025-04-04 05:05:14.936511 - Found @FILE146.txt (text/plain) in CBT.V508.FILE146.PDS, moved to PDS/@FILE146
2025-04-04 05:05:14.936626 - Found IKTDYN.txt (text/plain) in CBT.V508.FILE146.PDS, moved to PDS/IKTDYN
2025-04-04 05:05:14.936744 - Found IKTGUP.txt (text/plain) in CBT.V508.FILE146.PDS, moved to PDS/IKTGUP
2025-04-04 05:05:14.936865 - Found IKTGUPHL.txt (text/plain) in CBT.V508.FILE146.PDS, moved to PDS/IKTGUPHL
2025-04-04 05:05:14.936980 - Found IKTKERAN.eml (message/rfc822) in CBT.V508.FILE146.PDS, moved to PDS/IKTKERAN
2025-04-04 05:05:14.937185 - Found IKTKERBW.txt (text/plain) in CBT.V508.FILE146.PDS, moved to PDS/IKTKERBW
2025-04-04 05:05:14.937331 - Found IKTKERDO.txt (text/plain) in CBT.V508.FILE146.PDS, moved to PDS/IKTKERDO
2025-04-04 05:05:14.937457 - Found IKTKERHL.txt (text/plain) in CBT.V508.FILE146.PDS, moved to PDS/IKTKERHL
2025-04-04 05:05:14.937645 - Found IKTKERIN.txt (text/plain) in CBT.V508.FILE146.PDS, moved to PDS/IKTKERIN
2025-04-04 05:05:14.937785 - Found IKTKERMS.txt (text/plain) in CBT.V508.FILE146.PDS, moved to PDS/IKTKERMS
2025-04-04 05:05:14.937942 - Found IKTKERUP.txt (text/plain) in CBT.V508.FILE146.PDS, moved to PDS/IKTKERUP
2025-04-04 05:05:14.938313 - Found IKTMAC.txt (text/plain) in CBT.V508.FILE146.PDS, moved to PDS/IKTMAC
2025-04-04 05:05:14.938598 - Found IKTUTL.txt (text/plain) in CBT.V508.FILE146.PDS, moved to PDS/IKTUTL
2025-04-04 05:05:14.938756 - Found IK0AAAHL.txt (text/plain) in CBT.V508.FILE146.PDS, moved to PDS/IK0AAAHL
2025-04-04 05:05:14.938923 - Found IK0CMD.txt (text/plain) in CBT.V508.FILE146.PDS, moved to PDS/IK0CMD
2025-04-04 05:05:14.939076 - Found IK0COM.txt (text/plain) in CBT.V508.FILE146.PDS, moved to PDS/IK0COM
2025-04-04 05:05:14.939216 - Found IK0CONHL.txt (text/plain) in CBT.V508.FILE146.PDS, moved to PDS/IK0CONHL
2025-04-04 05:05:14.939337 - Found IK0DEF.txt (text/plain) in CBT.V508.FILE146.PDS, moved to PDS/IK0DEF
2025-04-04 05:05:14.939452 - Found IK0DOC.txt (text/plain) in CBT.V508.FILE146.PDS, moved to PDS/IK0DOC
2025-04-04 05:05:14.939583 - Found IK0GUP.txt (text/plain) in CBT.V508.FILE146.PDS, moved to PDS/IK0GUP
2025-04-04 05:05:14.939701 - Found IK0IKTBA.txt (text/plain) in CBT.V508.FILE146.PDS, moved to PDS/IK0IKTBA
2025-04-04 05:05:14.939863 - Found IK0KERBW.txt (text/plain) in CBT.V508.FILE146.PDS, moved to PDS/IK0KERBW
2025-04-04 05:05:14.939977 - Found IK0KERDO.txt (text/plain) in CBT.V508.FILE146.PDS, moved to PDS/IK0KERDO
2025-04-04 05:05:14.940097 - Found IK0KERMS.txt (text/plain) in CBT.V508.FILE146.PDS, moved to PDS/IK0KERMS
2025-04-04 05:05:14.940252 - Found IK0KERPS.txt (text/plain) in CBT.V508.FILE146.PDS, moved to PDS/IK0KERPS
2025-04-04 05:05:14.940418 - Found IK0KERUP.txt (text/plain) in CBT.V508.FILE146.PDS, moved to PDS/IK0KERUP
2025-04-04 05:05:14.940529 - Found IK0MAC.txt (text/plain) in CBT.V508.FILE146.PDS, moved to PDS/IK0MAC
2025-04-04 05:05:14.940642 - Found IK0MAI.txt (text/plain) in CBT.V508.FILE146.PDS, moved to PDS/IK0MAI
2025-04-04 05:05:14.940789 - Found IK0PRO.txt (text/plain) in CBT.V508.FILE146.PDS, moved to PDS/IK0PRO
